// Vitest Snapshot v1, https://vitest.dev/guide/snapshot.html

exports[`mantine checkbox hooks > renders Disabled 1`] = `
<div>
  <style
    data-mantine-styles="classes"
  >
    @media (max-width: 35.99375em) {.mantine-visible-from-xs {display: none !important;}}@media (min-width: 36em) {.mantine-hidden-from-xs {display: none !important;}}@media (max-width: 47.99375em) {.mantine-visible-from-sm {display: none !important;}}@media (min-width: 48em) {.mantine-hidden-from-sm {display: none !important;}}@media (max-width: 61.99375em) {.mantine-visible-from-md {display: none !important;}}@media (min-width: 62em) {.mantine-hidden-from-md {display: none !important;}}@media (max-width: 74.99375em) {.mantine-visible-from-lg {display: none !important;}}@media (min-width: 75em) {.mantine-hidden-from-lg {display: none !important;}}@media (max-width: 87.99375em) {.mantine-visible-from-xl {display: none !important;}}@media (min-width: 88em) {.mantine-hidden-from-xl {display: none !important;}}
  </style>
  <div
    class="m_bf2d988c mantine-Checkbox-root m_5f75b09e mantine-Checkbox-root"
    data-label-position="right"
    style="--checkbox-color: var(--mantine-color-blue-filled);"
  >
    <div
      class="m_5f6e695e mantine-Checkbox-body"
    >
      <div
        class="m_26062bec mantine-Checkbox-inner"
        data-label-position="right"
      >
        <input
          class="mantine-focus-auto m_26063560 mantine-Checkbox-input"
          disabled=""
          id="mantine-0cyk5rcyk"
          name="$"
          type="checkbox"
        />
        <svg
          aria-hidden="true"
          class="m_bf295423 mantine-Checkbox-icon"
          fill="none"
          viewBox="0 0 10 7"
          xmlns="http://www.w3.org/2000/svg"
        >
          <path
            clip-rule="evenodd"
            d="M4 4.586L1.707 2.293A1 1 0 1 0 .293 3.707l3 3a.997.997 0 0 0 1.414 0l5-5A1 1 0 1 0 8.293.293L4 4.586z"
            fill="currentColor"
            fill-rule="evenodd"
          />
        </svg>
      </div>
      <div
        class="m_d3ea56bb mantine-Checkbox-labelWrapper"
        data-disabled="true"
      >
        <label
          class="m_8ee546b8 mantine-Checkbox-label"
          data-disabled="true"
          for="mantine-0cyk5rcyk"
        >
          Checkbox
        </label>
      </div>
    </div>
  </div>
</div>
`;

exports[`mantine checkbox hooks > renders Error 1`] = `
<div>
  <style
    data-mantine-styles="classes"
  >
    @media (max-width: 35.99375em) {.mantine-visible-from-xs {display: none !important;}}@media (min-width: 36em) {.mantine-hidden-from-xs {display: none !important;}}@media (max-width: 47.99375em) {.mantine-visible-from-sm {display: none !important;}}@media (min-width: 48em) {.mantine-hidden-from-sm {display: none !important;}}@media (max-width: 61.99375em) {.mantine-visible-from-md {display: none !important;}}@media (min-width: 62em) {.mantine-hidden-from-md {display: none !important;}}@media (max-width: 74.99375em) {.mantine-visible-from-lg {display: none !important;}}@media (min-width: 75em) {.mantine-hidden-from-lg {display: none !important;}}@media (max-width: 87.99375em) {.mantine-visible-from-xl {display: none !important;}}@media (min-width: 88em) {.mantine-hidden-from-xl {display: none !important;}}
  </style>
  <div
    class="m_bf2d988c mantine-Checkbox-root m_5f75b09e mantine-Checkbox-root"
    data-checked="true"
    data-label-position="right"
    style="--checkbox-color: var(--mantine-color-blue-filled);"
  >
    <div
      class="m_5f6e695e mantine-Checkbox-body"
    >
      <div
        class="m_26062bec mantine-Checkbox-inner"
        data-label-position="right"
      >
        <input
          checked=""
          class="mantine-focus-auto m_26063560 mantine-Checkbox-input"
          data-error="true"
          id="mantine-0cyk5rcyk"
          name="$"
          type="checkbox"
        />
        <svg
          aria-hidden="true"
          class="m_bf295423 mantine-Checkbox-icon"
          fill="none"
          viewBox="0 0 10 7"
          xmlns="http://www.w3.org/2000/svg"
        >
          <path
            clip-rule="evenodd"
            d="M4 4.586L1.707 2.293A1 1 0 1 0 .293 3.707l3 3a.997.997 0 0 0 1.414 0l5-5A1 1 0 1 0 8.293.293L4 4.586z"
            fill="currentColor"
            fill-rule="evenodd"
          />
        </svg>
      </div>
      <div
        class="m_d3ea56bb mantine-Checkbox-labelWrapper"
      >
        <label
          class="m_8ee546b8 mantine-Checkbox-label"
          for="mantine-0cyk5rcyk"
        >
          Checkbox
        </label>
        <p
          class="m_8e8a99cc mantine-Checkbox-error m_8f816625 mantine-InputWrapper-error"
        >
          Error error
        </p>
      </div>
    </div>
  </div>
</div>
`;

exports[`mantine checkbox hooks > renders Off 1`] = `
<div>
  <style
    data-mantine-styles="classes"
  >
    @media (max-width: 35.99375em) {.mantine-visible-from-xs {display: none !important;}}@media (min-width: 36em) {.mantine-hidden-from-xs {display: none !important;}}@media (max-width: 47.99375em) {.mantine-visible-from-sm {display: none !important;}}@media (min-width: 48em) {.mantine-hidden-from-sm {display: none !important;}}@media (max-width: 61.99375em) {.mantine-visible-from-md {display: none !important;}}@media (min-width: 62em) {.mantine-hidden-from-md {display: none !important;}}@media (max-width: 74.99375em) {.mantine-visible-from-lg {display: none !important;}}@media (min-width: 75em) {.mantine-hidden-from-lg {display: none !important;}}@media (max-width: 87.99375em) {.mantine-visible-from-xl {display: none !important;}}@media (min-width: 88em) {.mantine-hidden-from-xl {display: none !important;}}
  </style>
  <div
    class="m_bf2d988c mantine-Checkbox-root m_5f75b09e mantine-Checkbox-root"
    data-label-position="right"
    style="--checkbox-color: var(--mantine-color-blue-filled);"
  >
    <div
      class="m_5f6e695e mantine-Checkbox-body"
    >
      <div
        class="m_26062bec mantine-Checkbox-inner"
        data-label-position="right"
      >
        <input
          class="mantine-focus-auto m_26063560 mantine-Checkbox-input"
          id="mantine-0px4bipx4"
          name="$"
          type="checkbox"
        />
        <svg
          aria-hidden="true"
          class="m_bf295423 mantine-Checkbox-icon"
          fill="none"
          viewBox="0 0 10 7"
          xmlns="http://www.w3.org/2000/svg"
        >
          <path
            clip-rule="evenodd"
            d="M4 4.586L1.707 2.293A1 1 0 1 0 .293 3.707l3 3a.997.997 0 0 0 1.414 0l5-5A1 1 0 1 0 8.293.293L4 4.586z"
            fill="currentColor"
            fill-rule="evenodd"
          />
        </svg>
      </div>
      <div
        class="m_d3ea56bb mantine-Checkbox-labelWrapper"
      >
        <label
          class="m_8ee546b8 mantine-Checkbox-label"
          for="mantine-0px4bipx4"
        >
          Checkbox
        </label>
      </div>
    </div>
  </div>
</div>
`;

exports[`mantine checkbox hooks > renders On 1`] = `
<div>
  <style
    data-mantine-styles="classes"
  >
    @media (max-width: 35.99375em) {.mantine-visible-from-xs {display: none !important;}}@media (min-width: 36em) {.mantine-hidden-from-xs {display: none !important;}}@media (max-width: 47.99375em) {.mantine-visible-from-sm {display: none !important;}}@media (min-width: 48em) {.mantine-hidden-from-sm {display: none !important;}}@media (max-width: 61.99375em) {.mantine-visible-from-md {display: none !important;}}@media (min-width: 62em) {.mantine-hidden-from-md {display: none !important;}}@media (max-width: 74.99375em) {.mantine-visible-from-lg {display: none !important;}}@media (min-width: 75em) {.mantine-hidden-from-lg {display: none !important;}}@media (max-width: 87.99375em) {.mantine-visible-from-xl {display: none !important;}}@media (min-width: 88em) {.mantine-hidden-from-xl {display: none !important;}}
  </style>
  <div
    class="m_bf2d988c mantine-Checkbox-root m_5f75b09e mantine-Checkbox-root"
    data-checked="true"
    data-label-position="right"
    style="--checkbox-color: var(--mantine-color-blue-filled);"
  >
    <div
      class="m_5f6e695e mantine-Checkbox-body"
    >
      <div
        class="m_26062bec mantine-Checkbox-inner"
        data-label-position="right"
      >
        <input
          checked=""
          class="mantine-focus-auto m_26063560 mantine-Checkbox-input"
          id="mantine-0cyk5rcyk"
          name="$"
          type="checkbox"
        />
        <svg
          aria-hidden="true"
          class="m_bf295423 mantine-Checkbox-icon"
          fill="none"
          viewBox="0 0 10 7"
          xmlns="http://www.w3.org/2000/svg"
        >
          <path
            clip-rule="evenodd"
            d="M4 4.586L1.707 2.293A1 1 0 1 0 .293 3.707l3 3a.997.997 0 0 0 1.414 0l5-5A1 1 0 1 0 8.293.293L4 4.586z"
            fill="currentColor"
            fill-rule="evenodd"
          />
        </svg>
      </div>
      <div
        class="m_d3ea56bb mantine-Checkbox-labelWrapper"
      >
        <label
          class="m_8ee546b8 mantine-Checkbox-label"
          for="mantine-0cyk5rcyk"
        >
          Checkbox
        </label>
      </div>
    </div>
  </div>
</div>
`;

exports[`mantine checkbox hooks > renders Required 1`] = `
<div>
  <style
    data-mantine-styles="classes"
  >
    @media (max-width: 35.99375em) {.mantine-visible-from-xs {display: none !important;}}@media (min-width: 36em) {.mantine-hidden-from-xs {display: none !important;}}@media (max-width: 47.99375em) {.mantine-visible-from-sm {display: none !important;}}@media (min-width: 48em) {.mantine-hidden-from-sm {display: none !important;}}@media (max-width: 61.99375em) {.mantine-visible-from-md {display: none !important;}}@media (min-width: 62em) {.mantine-hidden-from-md {display: none !important;}}@media (max-width: 74.99375em) {.mantine-visible-from-lg {display: none !important;}}@media (min-width: 75em) {.mantine-hidden-from-lg {display: none !important;}}@media (max-width: 87.99375em) {.mantine-visible-from-xl {display: none !important;}}@media (min-width: 88em) {.mantine-hidden-from-xl {display: none !important;}}
  </style>
  <div
    class="m_bf2d988c mantine-Checkbox-root m_5f75b09e mantine-Checkbox-root"
    data-label-position="right"
    style="--checkbox-color: var(--mantine-color-blue-filled);"
  >
    <div
      class="m_5f6e695e mantine-Checkbox-body"
    >
      <div
        class="m_26062bec mantine-Checkbox-inner"
        data-label-position="right"
      >
        <input
          class="mantine-focus-auto m_26063560 mantine-Checkbox-input"
          id="mantine-0cyk5rcyk"
          name="$"
          required=""
          type="checkbox"
        />
        <svg
          aria-hidden="true"
          class="m_bf295423 mantine-Checkbox-icon"
          fill="none"
          viewBox="0 0 10 7"
          xmlns="http://www.w3.org/2000/svg"
        >
          <path
            clip-rule="evenodd"
            d="M4 4.586L1.707 2.293A1 1 0 1 0 .293 3.707l3 3a.997.997 0 0 0 1.414 0l5-5A1 1 0 1 0 8.293.293L4 4.586z"
            fill="currentColor"
            fill-rule="evenodd"
          />
        </svg>
      </div>
      <div
        class="m_d3ea56bb mantine-Checkbox-labelWrapper"
      >
        <label
          class="m_8ee546b8 mantine-Checkbox-label"
          for="mantine-0cyk5rcyk"
        >
          Checkbox
        </label>
      </div>
    </div>
  </div>
</div>
`;
